[INFO] Scanning for projects...
[INFO] 
[INFO] --------------------< com.project.Tekathon:Drishti >--------------------
[INFO] Building criminal-network-intelligence 0.0.1-SNAPSHOT
[INFO]   from pom.xml
[INFO] --------------------------------[ jar ]---------------------------------
[INFO] 
[INFO] --- clean:3.5.0:clean (default-clean) @ Drishti ---
[INFO] Deleting d:\Tekathon\Drishti\target
[INFO] 
[INFO] --- resources:3.5.0:resources (default-resources) @ Drishti ---
[INFO] Copying 1 resource from src\main\resources to target\classes
[INFO] Copying 0 resource from src\main\resources to target\classes
[INFO] 
[INFO] --- compiler:3.15.0:compile (default-compile) @ Drishti ---
[INFO] Recompiling the module because of changed source code.
[INFO] Compiling 89 source files with javac [debug parameters release 21] to target\classes
WARNING: A terminally deprecated method in sun.misc.Unsafe has been called
WARNING: sun.misc.Unsafe::objectFieldOffset has been called by lombok.permit.Permit
WARNING: Please consider reporting this to the maintainers of class lombok.permit.Permit
WARNING: sun.misc.Unsafe::objectFieldOffset will be removed in a future release
[INFO] 
[INFO] --- resources:3.5.0:testResources (default-testResources) @ Drishti ---
[INFO] skip non existing resourceDirectory d:\Tekathon\Drishti\src\test\resources
[INFO] 
[INFO] --- compiler:3.15.0:testCompile (default-testCompile) @ Drishti ---
[INFO] Recompiling the module because of changed dependency.
[INFO] Compiling 2 source files with javac [debug parameters release 21] to target\test-classes
[INFO] 
[INFO] --- surefire:3.5.6:test (default-test) @ Drishti ---
[INFO] Using auto detected provider org.apache.maven.surefire.junitplatform.JUnitPlatformProvider
[INFO] 
[INFO] -------------------------------------------------------
[INFO]  T E S T S
[INFO] -------------------------------------------------------
[INFO] Running com.project.tekathon.drishti.DrishtiApplicationTests
23:31:50.367 [main] INFO org.springframework.test.context.support.AnnotationConfigContextLoaderUtils -- Could not detect default configuration classes for test class [com.project.tekathon.drishti.DrishtiApplicationTests]: DrishtiApplicationTests does not declare any static, non-private, non-final, nested classes annotated with @Configuration.
23:31:50.616 [main] INFO org.springframework.boot.test.context.SpringBootTestContextBootstrapper -- Found @SpringBootConfiguration com.project.tekathon.drishti.DrishtiApplication for test class com.project.tekathon.drishti.DrishtiApplicationTests
23:31:50.803 [main] INFO org.springframework.test.context.support.AnnotationConfigContextLoaderUtils -- Could not detect default configuration classes for test class [com.project.tekathon.drishti.DrishtiApplicationTests]: DrishtiApplicationTests does not declare any static, non-private, non-final, nested classes annotated with @Configuration.
23:31:50.805 [main] INFO org.springframework.boot.test.context.SpringBootTestContextBootstrapper -- Found @SpringBootConfiguration com.project.tekathon.drishti.DrishtiApplication for test class com.project.tekathon.drishti.DrishtiApplicationTests

  .   ____          _            __ _ _
 /\\ / ___'_ __ _ _(_)_ __  __ _ \ \ \ \
( ( )\___ | '_ | '_| | '_ \/ _` | \ \ \ \
 \\/  ___)| |_)| | | | | || (_| |  ) ) ) )
  '  |____| .__|_| |_|_| |_\__, | / / / /
 =========|_|==============|___/=/_/_/_/

 :: Spring Boot ::                (v4.1.1)

2026-09-16T23:31:51.467+05:30  INFO 27776 --- [criminal-network-intelligence] [           main] c.p.t.drishti.DrishtiApplicationTests    : Starting DrishtiApplicationTests using Java 24.0.1 with PID 27776 (started by bhavi in d:\Tekathon\Drishti)
2026-09-16T23:31:51.471+05:30  INFO 27776 --- [criminal-network-intelligence] [           main] c.p.t.drishti.DrishtiApplicationTests    : No active profile set, falling back to 1 default profile: "default"
2026-09-16T23:31:53.626+05:30  INFO 27776 --- [criminal-network-intelligence] [           main] .s.d.r.c.RepositoryConfigurationDelegate : Multiple Spring Data modules found, entering strict repository configuration mode
2026-09-16T23:31:53.629+05:30  INFO 27776 --- [criminal-network-intelligence] [           main] .s.d.r.c.RepositoryConfigurationDelegate : Bootstrapping Spring Data JPA repositories in DEFAULT mode.
2026-09-16T23:31:54.078+05:30  INFO 27776 --- [criminal-network-intelligence] [           main] .s.d.r.c.RepositoryConfigurationDelegate : Finished Spring Data repository scanning in 429 ms. Found 20 JPA repository interfaces.
2026-09-16T23:31:54.147+05:30  INFO 27776 --- [criminal-network-intelligence] [           main] .s.d.r.c.RepositoryConfigurationDelegate : Multiple Spring Data modules found, entering strict repository configuration mode
2026-09-16T23:31:54.150+05:30  INFO 27776 --- [criminal-network-intelligence] [           main] .s.d.r.c.RepositoryConfigurationDelegate : Bootstrapping Spring Data Neo4j repositories in DEFAULT mode.
2026-09-16T23:31:54.167+05:30  INFO 27776 --- [criminal-network-intelligence] [           main] .RepositoryConfigurationExtensionSupport : Spring Data Neo4j - Could not safely identify store assignment for repository candidate interface com.project.tekathon.drishti.repository.AccountRepository; If you want this repository to be a Neo4j repository, consider annotating your entities with one of these annotations: org.springframework.data.neo4j.core.schema.Node, org.springframework.data.neo4j.core.schema.RelationshipProperties (preferred), or consider extending one of the following types with your repository: org.springframework.data.neo4j.repository.ReactiveNeo4jRepository
2026-09-16T23:31:54.168+05:30  INFO 27776 --- [criminal-network-intelligence] [           main] .RepositoryConfigurationExtensionSupport : Spring Data Neo4j - Could not safely identify store assignment for repository candidate interface com.project.tekathon.drishti.repository.AgentMessageRepository; If you want this repository to be a Neo4j repository, consider annotating your entities with one of these annotations: org.springframework.data.neo4j.core.schema.Node, org.springframework.data.neo4j.core.schema.RelationshipProperties (preferred), or consider extending one of the following types with your repository: org.springframework.data.neo4j.repository.ReactiveNeo4jRepository
2026-09-16T23:31:54.169+05:30  INFO 27776 --- [criminal-network-intelligence] [           main] .RepositoryConfigurationExtensionSupport : Spring Data Neo4j - Could not safely identify store assignment for repository candidate interface com.project.tekathon.drishti.repository.CaseRepository; If you want this repository to be a Neo4j repository, consider annotating your entities with one of these annotations: org.springframework.data.neo4j.core.schema.Node, org.springframework.data.neo4j.core.schema.RelationshipProperties (preferred), or consider extending one of the following types with your repository: org.springframework.data.neo4j.repository.ReactiveNeo4jRepository
2026-09-16T23:31:54.169+05:30  INFO 27776 --- [criminal-network-intelligence] [           main] .RepositoryConfigurationExtensionSupport : Spring Data Neo4j - Could not safely identify store assignment for repository candidate interface com.project.tekathon.drishti.repository.CdrRepository; If you want this repository to be a Neo4j repository, consider annotating your entities with one of these annotations: org.springframework.data.neo4j.core.schema.Node, org.springframework.data.neo4j.core.schema.RelationshipProperties (preferred), or consider extending one of the following types with your repository: org.springframework.data.neo4j.repository.ReactiveNeo4jRepository
2026-09-16T23:31:54.169+05:30  INFO 27776 --- [criminal-network-intelligence] [           main] .RepositoryConfigurationExtensionSupport : Spring Data Neo4j - Could not safely identify store assignment for repository candidate interface com.project.tekathon.drishti.repository.DocumentRepository; If you want this repository to be a Neo4j repository, consider annotating your entities with one of these annotations: org.springframework.data.neo4j.core.schema.Node, org.springframework.data.neo4j.core.schema.RelationshipProperties (preferred), or consider extending one of the following types with your repository: org.springframework.data.neo4j.repository.ReactiveNeo4jRepository
2026-09-16T23:31:54.170+05:30  INFO 27776 --- [criminal-network-intelligence] [           main] .RepositoryConfigurationExtensionSupport : Spring Data Neo4j - Could not safely identify store assignment for repository candidate interface com.project.tekathon.drishti.repository.EventRepository; If you want this repository to be a Neo4j repository, consider annotating your entities with one of these annotations: org.springframework.data.neo4j.core.schema.Node, org.springframework.data.neo4j.core.schema.RelationshipProperties (preferred), or consider extending one of the following types with your repository: org.springframework.data.neo4j.repository.ReactiveNeo4jRepository
2026-09-16T23:31:54.170+05:30  INFO 27776 --- [criminal-network-intelligence] [           main] .RepositoryConfigurationExtensionSupport : Spring Data Neo4j - Could not safely identify store assignment for repository candidate interface com.project.tekathon.drishti.repository.EvidenceRepository; If you want this repository to be a Neo4j repository, consider annotating your entities with one of these annotations: org.springframework.data.neo4j.core.schema.Node, org.springframework.data.neo4j.core.schema.RelationshipProperties (preferred), or consider extending one of the following types with your repository: org.springframework.data.neo4j.repository.ReactiveNeo4jRepository
2026-09-16T23:31:54.170+05:30  INFO 27776 --- [criminal-network-intelligence] [           main] .RepositoryConfigurationExtensionSupport : Spring Data Neo4j - Could not safely identify store assignment for repository candidate interface com.project.tekathon.drishti.repository.InvestigationSessionRepository; If you want this repository to be a Neo4j repository, consider annotating your entities with one of these annotations: org.springframework.data.neo4j.core.schema.Node, org.springframework.data.neo4j.core.schema.RelationshipProperties (preferred), or consider extending one of the following types with your repository: org.springframework.data.neo4j.repository.ReactiveNeo4jRepository
2026-09-16T23:31:54.172+05:30  INFO 27776 --- [criminal-network-intelligence] [           main] .RepositoryConfigurationExtensionSupport : Spring Data Neo4j - Could not safely identify store assignment for repository candidate interface com.project.tekathon.drishti.repository.LocationRepository; If you want this repository to be a Neo4j repository, consider annotating your entities with one of these annotations: org.springframework.data.neo4j.core.schema.Node, org.springframework.data.neo4j.core.schema.RelationshipProperties (preferred), or consider extending one of the following types with your repository: org.springframework.data.neo4j.repository.ReactiveNeo4jRepository
2026-09-16T23:31:54.173+05:30  INFO 27776 --- [criminal-network-intelligence] [           main] .RepositoryConfigurationExtensionSupport : Spring Data Neo4j - Could not safely identify store assignment for repository candidate interface com.project.tekathon.drishti.repository.MlAnalysisRepository; If you want this repository to be a Neo4j repository, consider annotating your entities with one of these annotations: org.springframework.data.neo4j.core.schema.Node, org.springframework.data.neo4j.core.schema.RelationshipProperties (preferred), or consider extending one of the following types with your repository: org.springframework.data.neo4j.repository.ReactiveNeo4jRepository
2026-09-16T23:31:54.174+05:30  INFO 27776 --- [criminal-network-intelligence] [           main] .RepositoryConfigurationExtensionSupport : Spring Data Neo4j - Could not safely identify store assignment for repository candidate interface com.project.tekathon.drishti.repository.MlAnomalyRepository; If you want this repository to be a Neo4j repository, consider annotating your entities with one of these annotations: org.springframework.data.neo4j.core.schema.Node, org.springframework.data.neo4j.core.schema.RelationshipProperties (preferred), or consider extending one of the following types with your repository: org.springframework.data.neo4j.repository.ReactiveNeo4jRepository
2026-09-16T23:31:54.174+05:30  INFO 27776 --- [criminal-network-intelligence] [           main] .RepositoryConfigurationExtensionSupport : Spring Data Neo4j - Could not safely identify store assignment for repository candidate interface com.project.tekathon.drishti.repository.MlCommunityRepository; If you want this repository to be a Neo4j repository, consider annotating your entities with one of these annotations: org.springframework.data.neo4j.core.schema.Node, org.springframework.data.neo4j.core.schema.RelationshipProperties (preferred), or consider extending one of the following types with your repository: org.springframework.data.neo4j.repository.ReactiveNeo4jRepository
2026-09-16T23:31:54.175+05:30  INFO 27776 --- [criminal-network-intelligence] [           main] .RepositoryConfigurationExtensionSupport : Spring Data Neo4j - Could not safely identify store assignment for repository candidate interface com.project.tekathon.drishti.repository.MlKeyActorRepository; If you want this repository to be a Neo4j repository, consider annotating your entities with one of these annotations: org.springframework.data.neo4j.core.schema.Node, org.springframework.data.neo4j.core.schema.RelationshipProperties (preferred), or consider extending one of the following types with your repository: org.springframework.data.neo4j.repository.ReactiveNeo4jRepository
2026-09-16T23:31:54.175+05:30  INFO 27776 --- [criminal-network-intelligence] [           main] .RepositoryConfigurationExtensionSupport : Spring Data Neo4j - Could not safely identify store assignment for repository candidate interface com.project.tekathon.drishti.repository.MlPotentialLinkRepository; If you want this repository to be a Neo4j repository, consider annotating your entities with one of these annotations: org.springframework.data.neo4j.core.schema.Node, org.springframework.data.neo4j.core.schema.RelationshipProperties (preferred), or consider extending one of the following types with your repository: org.springframework.data.neo4j.repository.ReactiveNeo4jRepository
2026-09-16T23:31:54.175+05:30  INFO 27776 --- [criminal-network-intelligence] [           main] .RepositoryConfigurationExtensionSupport : Spring Data Neo4j - Could not safely identify store assignment for repository candidate interface com.project.tekathon.drishti.repository.PersonRepository; If you want this repository to be a Neo4j repository, consider annotating your entities with one of these annotations: org.springframework.data.neo4j.core.schema.Node, org.springframework.data.neo4j.core.schema.RelationshipProperties (preferred), or consider extending one of the following types with your repository: org.springframework.data.neo4j.repository.ReactiveNeo4jRepository
2026-09-16T23:31:54.176+05:30  INFO 27776 --- [criminal-network-intelligence] [           main] .RepositoryConfigurationExtensionSupport : Spring Data Neo4j - Could not safely identify store assignment for repository candidate interface com.project.tekathon.drishti.repository.PhoneRepository; If you want this repository to be a Neo4j repository, consider annotating your entities with one of these annotations: org.springframework.data.neo4j.core.schema.Node, org.springframework.data.neo4j.core.schema.RelationshipProperties (preferred), or consider extending one of the following types with your repository: org.springframework.data.neo4j.repository.ReactiveNeo4jRepository
2026-09-16T23:31:54.176+05:30  INFO 27776 --- [criminal-network-intelligence] [           main] .RepositoryConfigurationExtensionSupport : Spring Data Neo4j - Could not safely identify store assignment for repository candidate interface com.project.tekathon.drishti.repository.RelationshipRepository; If you want this repository to be a Neo4j repository, consider annotating your entities with one of these annotations: org.springframework.data.neo4j.core.schema.Node, org.springframework.data.neo4j.core.schema.RelationshipProperties (preferred), or consider extending one of the following types with your repository: org.springframework.data.neo4j.repository.ReactiveNeo4jRepository
2026-09-16T23:31:54.177+05:30  INFO 27776 --- [criminal-network-intelligence] [           main] .RepositoryConfigurationExtensionSupport : Spring Data Neo4j - Could not safely identify store assignment for repository candidate interface com.project.tekathon.drishti.repository.SurveillanceRepository; If you want this repository to be a Neo4j repository, consider annotating your entities with one of these annotations: org.springframework.data.neo4j.core.schema.Node, org.springframework.data.neo4j.core.schema.RelationshipProperties (preferred), or consider extending one of the following types with your repository: org.springframework.data.neo4j.repository.ReactiveNeo4jRepository
2026-09-16T23:31:54.177+05:30  INFO 27776 --- [criminal-network-intelligence] [           main] .RepositoryConfigurationExtensionSupport : Spring Data Neo4j - Could not safely identify store assignment for repository candidate interface com.project.tekathon.drishti.repository.TransactionRepository; If you want this repository to be a Neo4j repository, consider annotating your entities with one of these annotations: org.springframework.data.neo4j.core.schema.Node, org.springframework.data.neo4j.core.schema.RelationshipProperties (preferred), or consider extending one of the following types with your repository: org.springframework.data.neo4j.repository.ReactiveNeo4jRepository
2026-09-16T23:31:54.178+05:30  INFO 27776 --- [criminal-network-intelligence] [           main] .RepositoryConfigurationExtensionSupport : Spring Data Neo4j - Could not safely identify store assignment for repository candidate interface com.project.tekathon.drishti.repository.VehicleRepository; If you want this repository to be a Neo4j repository, consider annotating your entities with one of these annotations: org.springframework.data.neo4j.core.schema.Node, org.springframework.data.neo4j.core.schema.RelationshipProperties (preferred), or consider extending one of the following types with your repository: org.springframework.data.neo4j.repository.ReactiveNeo4jRepository
2026-09-16T23:31:54.178+05:30  INFO 27776 --- [criminal-network-intelligence] [           main] .s.d.r.c.RepositoryConfigurationDelegate : Finished Spring Data repository scanning in 24 ms. Found 0 Neo4j repository interfaces.
2026-09-16T23:31:54.187+05:30  INFO 27776 --- [criminal-network-intelligence] [           main] .s.d.r.c.RepositoryConfigurationDelegate : Multiple Spring Data modules found, entering strict repository configuration mode
2026-09-16T23:31:54.188+05:30  INFO 27776 --- [criminal-network-intelligence] [           main] .s.d.r.c.RepositoryConfigurationDelegate : Bootstrapping Spring Data Neo4j repositories in DEFAULT mode.
2026-09-16T23:31:54.200+05:30  INFO 27776 --- [criminal-network-intelligence] [           main] .RepositoryConfigurationExtensionSupport : Spring Data Neo4j - Could not safely identify store assignment for repository candidate interface com.project.tekathon.drishti.repository.AccountRepository; If you want this repository to be a Neo4j repository, consider annotating your entities with one of these annotations: org.springframework.data.neo4j.core.schema.Node, org.springframework.data.neo4j.core.schema.RelationshipProperties (preferred), or consider extending one of the following types with your repository: org.springframework.data.neo4j.repository.Neo4jRepository
2026-09-16T23:31:54.201+05:30  INFO 27776 --- [criminal-network-intelligence] [           main] .RepositoryConfigurationExtensionSupport : Spring Data Neo4j - Could not safely identify store assignment for repository candidate interface com.project.tekathon.drishti.repository.AgentMessageRepository; If you want this repository to be a Neo4j repository, consider annotating your entities with one of these annotations: org.springframework.data.neo4j.core.schema.Node, org.springframework.data.neo4j.core.schema.RelationshipProperties (preferred), or consider extending one of the following types with your repository: org.springframework.data.neo4j.repository.Neo4jRepository
2026-09-16T23:31:54.201+05:30  INFO 27776 --- [criminal-network-intelligence] [           main] .RepositoryConfigurationExtensionSupport : Spring Data Neo4j - Could not safely identify store assignment for repository candidate interface com.project.tekathon.drishti.repository.CaseRepository; If you want this repository to be a Neo4j repository, consider annotating your entities with one of these annotations: org.springframework.data.neo4j.core.schema.Node, org.springframework.data.neo4j.core.schema.RelationshipProperties (preferred), or consider extending one of the following types with your repository: org.springframework.data.neo4j.repository.Neo4jRepository
2026-09-16T23:31:54.202+05:30  INFO 27776 --- [criminal-network-intelligence] [           main] .RepositoryConfigurationExtensionSupport : Spring Data Neo4j - Could not safely identify store assignment for repository candidate interface com.project.tekathon.drishti.repository.CdrRepository; If you want this repository to be a Neo4j repository, consider annotating your entities with one of these annotations: org.springframework.data.neo4j.core.schema.Node, org.springframework.data.neo4j.core.schema.RelationshipProperties (preferred), or consider extending one of the following types with your repository: org.springframework.data.neo4j.repository.Neo4jRepository
2026-09-16T23:31:54.202+05:30  INFO 27776 --- [criminal-network-intelligence] [           main] .RepositoryConfigurationExtensionSupport : Spring Data Neo4j - Could not safely identify store assignment for repository candidate interface com.project.tekathon.drishti.repository.DocumentRepository; If you want this repository to be a Neo4j repository, consider annotating your entities with one of these annotations: org.springframework.data.neo4j.core.schema.Node, org.springframework.data.neo4j.core.schema.RelationshipProperties (preferred), or consider extending one of the following types with your repository: org.springframework.data.neo4j.repository.Neo4jRepository
2026-09-16T23:31:54.203+05:30  INFO 27776 --- [criminal-network-intelligence] [           main] .RepositoryConfigurationExtensionSupport : Spring Data Neo4j - Could not safely identify store assignment for repository candidate interface com.project.tekathon.drishti.repository.EventRepository; If you want this repository to be a Neo4j repository, consider annotating your entities with one of these annotations: org.springframework.data.neo4j.core.schema.Node, org.springframework.data.neo4j.core.schema.RelationshipProperties (preferred), or consider extending one of the following types with your repository: org.springframework.data.neo4j.repository.Neo4jRepository
2026-09-16T23:31:54.203+05:30  INFO 27776 --- [criminal-network-intelligence] [           main] .RepositoryConfigurationExtensionSupport : Spring Data Neo4j - Could not safely identify store assignment for repository candidate interface com.project.tekathon.drishti.repository.EvidenceRepository; If you want this repository to be a Neo4j repository, consider annotating your entities with one of these annotations: org.springframework.data.neo4j.core.schema.Node, org.springframework.data.neo4j.core.schema.RelationshipProperties (preferred), or consider extending one of the following types with your repository: org.springframework.data.neo4j.repository.Neo4jRepository
2026-09-16T23:31:54.203+05:30  INFO 27776 --- [criminal-network-intelligence] [           main] .RepositoryConfigurationExtensionSupport : Spring Data Neo4j - Could not safely identify store assignment for repository candidate interface com.project.tekathon.drishti.repository.InvestigationSessionRepository; If you want this repository to be a Neo4j repository, consider annotating your entities with one of these annotations: org.springframework.data.neo4j.core.schema.Node, org.springframework.data.neo4j.core.schema.RelationshipProperties (preferred), or consider extending one of the following types with your repository: org.springframework.data.neo4j.repository.Neo4jRepository
2026-09-16T23:31:54.204+05:30  INFO 27776 --- [criminal-network-intelligence] [           main] .RepositoryConfigurationExtensionSupport : Spring Data Neo4j - Could not safely identify store assignment for repository candidate interface com.project.tekathon.drishti.repository.LocationRepository; If you want this repository to be a Neo4j repository, consider annotating your entities with one of these annotations: org.springframework.data.neo4j.core.schema.Node, org.springframework.data.neo4j.core.schema.RelationshipProperties (preferred), or consider extending one of the following types with your repository: org.springframework.data.neo4j.repository.Neo4jRepository
2026-09-16T23:31:54.204+05:30  INFO 27776 --- [criminal-network-intelligence] [           main] .RepositoryConfigurationExtensionSupport : Spring Data Neo4j - Could not safely identify store assignment for repository candidate interface com.project.tekathon.drishti.repository.MlAnalysisRepository; If you want this repository to be a Neo4j repository, consider annotating your entities with one of these annotations: org.springframework.data.neo4j.core.schema.Node, org.springframework.data.neo4j.core.schema.RelationshipProperties (preferred), or consider extending one of the following types with your repository: org.springframework.data.neo4j.repository.Neo4jRepository
2026-09-16T23:31:54.204+05:30  INFO 27776 --- [criminal-network-intelligence] [           main] .RepositoryConfigurationExtensionSupport : Spring Data Neo4j - Could not safely identify store assignment for repository candidate interface com.project.tekathon.drishti.repository.MlAnomalyRepository; If you want this repository to be a Neo4j repository, consider annotating your entities with one of these annotations: org.springframework.data.neo4j.core.schema.Node, org.springframework.data.neo4j.core.schema.RelationshipProperties (preferred), or consider extending one of the following types with your repository: org.springframework.data.neo4j.repository.Neo4jRepository
2026-09-16T23:31:54.206+05:30  INFO 27776 --- [criminal-network-intelligence] [           main] .RepositoryConfigurationExtensionSupport : Spring Data Neo4j - Could not safely identify store assignment for repository candidate interface com.project.tekathon.drishti.repository.MlCommunityRepository; If you want this repository to be a Neo4j repository, consider annotating your entities with one of these annotations: org.springframework.data.neo4j.core.schema.Node, org.springframework.data.neo4j.core.schema.RelationshipProperties (preferred), or consider extending one of the following types with your repository: org.springframework.data.neo4j.repository.Neo4jRepository
2026-09-16T23:31:54.208+05:30  INFO 27776 --- [criminal-network-intelligence] [           main] .RepositoryConfigurationExtensionSupport : Spring Data Neo4j - Could not safely identify store assignment for repository candidate interface com.project.tekathon.drishti.repository.MlKeyActorRepository; If you want this repository to be a Neo4j repository, consider annotating your entities with one of these annotations: org.springframework.data.neo4j.core.schema.Node, org.springframework.data.neo4j.core.schema.RelationshipProperties (preferred), or consider extending one of the following types with your repository: org.springframework.data.neo4j.repository.Neo4jRepository
2026-09-16T23:31:54.209+05:30  INFO 27776 --- [criminal-network-intelligence] [           main] .RepositoryConfigurationExtensionSupport : Spring Data Neo4j - Could not safely identify store assignment for repository candidate interface com.project.tekathon.drishti.repository.MlPotentialLinkRepository; If you want this repository to be a Neo4j repository, consider annotating your entities with one of these annotations: org.springframework.data.neo4j.core.schema.Node, org.springframework.data.neo4j.core.schema.RelationshipProperties (preferred), or consider extending one of the following types with your repository: org.springframework.data.neo4j.repository.Neo4jRepository
2026-09-16T23:31:54.209+05:30  INFO 27776 --- [criminal-network-intelligence] [           main] .RepositoryConfigurationExtensionSupport : Spring Data Neo4j - Could not safely identify store assignment for repository candidate interface com.project.tekathon.drishti.repository.PersonRepository; If you want this repository to be a Neo4j repository, consider annotating your entities with one of these annotations: org.springframework.data.neo4j.core.schema.Node, org.springframework.data.neo4j.core.schema.RelationshipProperties (preferred), or consider extending one of the following types with your repository: org.springframework.data.neo4j.repository.Neo4jRepository
2026-09-16T23:31:54.209+05:30  INFO 27776 --- [criminal-network-intelligence] [           main] .RepositoryConfigurationExtensionSupport : Spring Data Neo4j - Could not safely identify store assignment for repository candidate interface com.project.tekathon.drishti.repository.PhoneRepository; If you want this repository to be a Neo4j repository, consider annotating your entities with one of these annotations: org.springframework.data.neo4j.core.schema.Node, org.springframework.data.neo4j.core.schema.RelationshipProperties (preferred), or consider extending one of the following types with your repository: org.springframework.data.neo4j.repository.Neo4jRepository
2026-09-16T23:31:54.210+05:30  INFO 27776 --- [criminal-network-intelligence] [           main] .RepositoryConfigurationExtensionSupport : Spring Data Neo4j - Could not safely identify store assignment for repository candidate interface com.project.tekathon.drishti.repository.RelationshipRepository; If you want this repository to be a Neo4j repository, consider annotating your entities with one of these annotations: org.springframework.data.neo4j.core.schema.Node, org.springframework.data.neo4j.core.schema.RelationshipProperties (preferred), or consider extending one of the following types with your repository: org.springframework.data.neo4j.repository.Neo4jRepository
2026-09-16T23:31:54.210+05:30  INFO 27776 --- [criminal-network-intelligence] [           main] .RepositoryConfigurationExtensionSupport : Spring Data Neo4j - Could not safely identify store assignment for repository candidate interface com.project.tekathon.drishti.repository.SurveillanceRepository; If you want this repository to be a Neo4j repository, consider annotating your entities with one of these annotations: org.springframework.data.neo4j.core.schema.Node, org.springframework.data.neo4j.core.schema.RelationshipProperties (preferred), or consider extending one of the following types with your repository: org.springframework.data.neo4j.repository.Neo4jRepository
2026-09-16T23:31:54.211+05:30  INFO 27776 --- [criminal-network-intelligence] [           main] .RepositoryConfigurationExtensionSupport : Spring Data Neo4j - Could not safely identify store assignment for repository candidate interface com.project.tekathon.drishti.repository.TransactionRepository; If you want this repository to be a Neo4j repository, consider annotating your entities with one of these annotations: org.springframework.data.neo4j.core.schema.Node, org.springframework.data.neo4j.core.schema.RelationshipProperties (preferred), or consider extending one of the following types with your repository: org.springframework.data.neo4j.repository.Neo4jRepository
2026-09-16T23:31:54.211+05:30  INFO 27776 --- [criminal-network-intelligence] [           main] .RepositoryConfigurationExtensionSupport : Spring Data Neo4j - Could not safely identify store assignment for repository candidate interface com.project.tekathon.drishti.repository.VehicleRepository; If you want this repository to be a Neo4j repository, consider annotating your entities with one of these annotations: org.springframework.data.neo4j.core.schema.Node, org.springframework.data.neo4j.core.schema.RelationshipProperties (preferred), or consider extending one of the following types with your repository: org.springframework.data.neo4j.repository.Neo4jRepository
2026-09-16T23:31:54.212+05:30  INFO 27776 --- [criminal-network-intelligence] [           main] .s.d.r.c.RepositoryConfigurationDelegate : Finished Spring Data repository scanning in 21 ms. Found 0 Neo4j repository interfaces.
Mockito is currently self-attaching to enable the inline-mock-maker. This will no longer work in future releases of the JDK. Please add Mockito as an agent to your build as described in Mockito's documentation: https://javadoc.io/doc/org.mockito/mockito-core/latest/org.mockito/org/mockito/Mockito.html#0.3
Java HotSpot(TM) 64-Bit Server VM warning: Sharing is only supported for boot loader classes because bootstrap classpath has been appended
WARNING: A Java agent has been loaded dynamically (C:\Users\bhavi\.m2\repository\net\bytebuddy\byte-buddy-agent\1.18.11\byte-buddy-agent-1.18.11.jar)
WARNING: If a serviceability tool is in use, please run with -XX:+EnableDynamicAgentLoading to hide this warning
WARNING: If a serviceability tool is not in use, please run with -Djdk.instrument.traceUsage for more information
WARNING: Dynamic loading of agents will be disallowed by default in a future release
2026-09-16T23:31:57.443+05:30  INFO 27776 --- [criminal-network-intelligence] [           main] org.hibernate.orm.jpa                    : HHH008540: Processing PersistenceUnitInfo [name: default]
2026-09-16T23:31:57.591+05:30  INFO 27776 --- [criminal-network-intelligence] [           main] org.hibernate.orm.core                   : HHH000001: Hibernate ORM core version 7.4.5.Final
2026-09-16T23:31:58.205+05:30  INFO 27776 --- [criminal-network-intelligence] [           main] o.s.o.j.p.SpringPersistenceUnitInfo      : No LoadTimeWeaver setup: ignoring JPA class transformer
2026-09-16T23:31:58.275+05:30  INFO 27776 --- [criminal-network-intelligence] [           main] com.zaxxer.hikari.HikariDataSource       : HikariPool-1 - Starting...
2026-09-16T23:31:58.625+05:30  INFO 27776 --- [criminal-network-intelligence] [           main] com.zaxxer.hikari.pool.HikariPool        : HikariPool-1 - Added connection conn0: url=jdbc:h2:mem:drishti user=SA
2026-09-16T23:31:58.628+05:30  INFO 27776 --- [criminal-network-intelligence] [           main] com.zaxxer.hikari.HikariDataSource       : HikariPool-1 - Start completed.
2026-09-16T23:31:58.753+05:30  INFO 27776 --- [criminal-network-intelligence] [           main] org.hibernate.orm.connections.pooling    : HHH10001005: Database info:
	Database JDBC URL [jdbc:h2:mem:drishti]
	Database driver: H2 JDBC Driver
	Database dialect: H2Dialect
	Database version: 2.4.240
	Default catalog/schema: DRISHTI/PUBLIC
	Autocommit mode: undefined/unknown
	Isolation level: READ_COMMITTED [default READ_COMMITTED]
	JDBC fetch size: 100
	Pool: DataSourceConnectionProvider
	Minimum pool size: undefined/unknown
	Maximum pool size: undefined/unknown
2026-09-16T23:32:01.326+05:30  INFO 27776 --- [criminal-network-intelligence] [           main] org.hibernate.orm.core                   : HHH000489: No JTA platform available (set 'hibernate.transaction.jta.platform' to enable JTA platform integration)
2026-09-16T23:32:01.459+05:30  INFO 27776 --- [criminal-network-intelligence] [           main] j.LocalContainerEntityManagerFactoryBean : Initialized JPA EntityManagerFactory for persistence unit 'default'
WARNING: A terminally deprecated method in sun.misc.Unsafe has been called
WARNING: sun.misc.Unsafe::allocateMemory has been called by io.netty.util.internal.PlatformDependent0$2 (file:/C:/Users/bhavi/.m2/repository/io/netty/netty-common/4.2.17.Final/netty-common-4.2.17.Final.jar)
WARNING: Please consider reporting this to the maintainers of class io.netty.util.internal.PlatformDependent0$2
WARNING: sun.misc.Unsafe::allocateMemory will be removed in a future release
2026-09-16T23:32:02.063+05:30  INFO 27776 --- [criminal-network-intelligence] [           main] o.s.d.j.r.query.QueryEnhancerFactories   : Hibernate is in classpath; If applicable, HQL parser will be used.
2026-09-16T23:32:04.610+05:30  INFO 27776 --- [criminal-network-intelligence] [           main] o.neo4j.driver.internal.DriverFactory    : Driver instance 9753821 created for server uri 'bolt://localhost:7687'
2026-09-16T23:32:05.400+05:30  INFO 27776 --- [criminal-network-intelligence] [           main] o.s.b.a.e.web.EndpointLinksResolver      : Exposing 2 endpoints beneath base path '/actuator'
2026-09-16T23:32:05.555+05:30  INFO 27776 --- [criminal-network-intelligence] [           main] c.p.t.drishti.DrishtiApplicationTests    : Started DrishtiApplicationTests in 14.631 seconds (process running for 16.742)
2026-09-16T23:32:06.691+05:30  WARN 27776 --- [criminal-network-intelligence] [           main] c.p.t.drishti.service.NetworkService     : Failed to sync graph node CASE001: Cannot invoke "org.springframework.data.neo4j.core.Neo4jClient$UnboundRunnableSpec.bind(Object)" because the return value of "org.springframework.data.neo4j.core.Neo4jClient.query(String)" is null
2026-09-16T23:32:06.696+05:30  WARN 27776 --- [criminal-network-intelligence] [           main] c.p.t.drishti.service.NetworkService     : Failed to sync graph node CASE002: Cannot invoke "org.springframework.data.neo4j.core.Neo4jClient$UnboundRunnableSpec.bind(Object)" because the return value of "org.springframework.data.neo4j.core.Neo4jClient.query(String)" is null
2026-09-16T23:32:06.700+05:30  WARN 27776 --- [criminal-network-intelligence] [           main] c.p.t.drishti.service.NetworkService     : Failed to sync graph node CASE003: Cannot invoke "org.springframework.data.neo4j.core.Neo4jClient$UnboundRunnableSpec.bind(Object)" because the return value of "org.springframework.data.neo4j.core.Neo4jClient.query(String)" is null
2026-09-16T23:32:06.735+05:30  WARN 27776 --- [criminal-network-intelligence] [           main] c.p.t.drishti.service.NetworkService     : Failed to sync graph node P001: Cannot invoke "org.springframework.data.neo4j.core.Neo4jClient$UnboundRunnableSpec.bind(Object)" because the return value of "org.springframework.data.neo4j.core.Neo4jClient.query(String)" is null
2026-09-16T23:32:06.741+05:30  WARN 27776 --- [criminal-network-intelligence] [           main] c.p.t.drishti.service.NetworkService     : Failed to sync graph node P002: Cannot invoke "org.springframework.data.neo4j.core.Neo4jClient$UnboundRunnableSpec.bind(Object)" because the return value of "org.springframework.data.neo4j.core.Neo4jClient.query(String)" is null
2026-09-16T23:32:06.745+05:30  WARN 27776 --- [criminal-network-intelligence] [           main] c.p.t.drishti.service.NetworkService     : Failed to sync graph node P003: Cannot invoke "org.springframework.data.neo4j.core.Neo4jClient$UnboundRunnableSpec.bind(Object)" because the return value of "org.springframework.data.neo4j.core.Neo4jClient.query(String)" is null
2026-09-16T23:32:06.749+05:30  WARN 27776 --- [criminal-network-intelligence] [           main] c.p.t.drishti.service.NetworkService     : Failed to sync graph node P004: Cannot invoke "org.springframework.data.neo4j.core.Neo4jClient$UnboundRunnableSpec.bind(Object)" because the return value of "org.springframework.data.neo4j.core.Neo4jClient.query(String)" is null
2026-09-16T23:32:06.753+05:30  WARN 27776 --- [criminal-network-intelligence] [           main] c.p.t.drishti.service.NetworkService     : Failed to sync graph node P005: Cannot invoke "org.springframework.data.neo4j.core.Neo4jClient$UnboundRunnableSpec.bind(Object)" because the return value of "org.springframework.data.neo4j.core.Neo4jClient.query(String)" is null
2026-09-16T23:32:06.758+05:30  WARN 27776 --- [criminal-network-intelligence] [           main] c.p.t.drishti.service.NetworkService     : Failed to sync graph node P006: Cannot invoke "org.springframework.data.neo4j.core.Neo4jClient$UnboundRunnableSpec.bind(Object)" because the return value of "org.springframework.data.neo4j.core.Neo4jClient.query(String)" is null
2026-09-16T23:32:06.763+05:30  WARN 27776 --- [criminal-network-intelligence] [           main] c.p.t.drishti.service.NetworkService     : Failed to sync graph node P007: Cannot invoke "org.springframework.data.neo4j.core.Neo4jClient$UnboundRunnableSpec.bind(Object)" because the return value of "org.springframework.data.neo4j.core.Neo4jClient.query(String)" is null
2026-09-16T23:32:06.767+05:30  WARN 27776 --- [criminal-network-intelligence] [           main] c.p.t.drishti.service.NetworkService     : Failed to sync graph node P008: Cannot invoke "org.springframework.data.neo4j.core.Neo4jClient$UnboundRunnableSpec.bind(Object)" because the return value of "org.springframework.data.neo4j.core.Neo4jClient.query(String)" is null
2026-09-16T23:32:06.772+05:30  WARN 27776 --- [criminal-network-intelligence] [           main] c.p.t.drishti.service.NetworkService     : Failed to sync graph node P009: Cannot invoke "org.springframework.data.neo4j.core.Neo4jClient$UnboundRunnableSpec.bind(Object)" because the return value of "org.springframework.data.neo4j.core.Neo4jClient.query(String)" is null
2026-09-16T23:32:06.776+05:30  WARN 27776 --- [criminal-network-intelligence] [           main] c.p.t.drishti.service.NetworkService     : Failed to sync graph node P010: Cannot invoke "org.springframework.data.neo4j.core.Neo4jClient$UnboundRunnableSpec.bind(Object)" because the return value of "org.springframework.data.neo4j.core.Neo4jClient.query(String)" is null
2026-09-16T23:32:06.827+05:30  WARN 27776 --- [criminal-network-intelligence] [           main] c.p.t.drishti.service.NetworkService     : Failed to sync graph node PH001: Cannot invoke "org.springframework.data.neo4j.core.Neo4jClient$UnboundRunnableSpec.bind(Object)" because the return value of "org.springframework.data.neo4j.core.Neo4jClient.query(String)" is null
2026-09-16T23:32:06.828+05:30  WARN 27776 --- [criminal-network-intelligence] [           main] c.p.t.drishti.service.NetworkService     : Failed to sync graph relationship P001 -> PH001: Cannot invoke "org.springframework.data.neo4j.core.Neo4jClient$UnboundRunnableSpec.bind(Object)" because the return value of "org.springframework.data.neo4j.core.Neo4jClient.query(String)" is null
2026-09-16T23:32:06.828+05:30  WARN 27776 --- [criminal-network-intelligence] [           main] c.p.t.drishti.service.NetworkService     : Failed to sync graph node PH002: Cannot invoke "org.springframework.data.neo4j.core.Neo4jClient$UnboundRunnableSpec.bind(Object)" because the return value of "org.springframework.data.neo4j.core.Neo4jClient.query(String)" is null
2026-09-16T23:32:06.828+05:30  WARN 27776 --- [criminal-network-intelligence] [           main] c.p.t.drishti.service.NetworkService     : Failed to sync graph relationship P002 -> PH002: Cannot invoke "org.springframework.data.neo4j.core.Neo4jClient$UnboundRunnableSpec.bind(Object)" because the return value of "org.springframework.data.neo4j.core.Neo4jClient.query(String)" is null
2026-09-16T23:32:06.830+05:30  WARN 27776 --- [criminal-network-intelligence] [           main] c.p.t.drishti.service.NetworkService     : Failed to sync graph node PH003: Cannot invoke "org.springframework.data.neo4j.core.Neo4jClient$UnboundRunnableSpec.bind(Object)" because the return value of "org.springframework.data.neo4j.core.Neo4jClient.query(String)" is null
2026-09-16T23:32:06.830+05:30  WARN 27776 --- [criminal-network-intelligence] [           main] c.p.t.drishti.service.NetworkService     : Failed to sync graph relationship P003 -> PH003: Cannot invoke "org.springframework.data.neo4j.core.Neo4jClient$UnboundRunnableSpec.bind(Object)" because the return value of "org.springframework.data.neo4j.core.Neo4jClient.query(String)" is null
2026-09-16T23:32:06.831+05:30  WARN 27776 --- [criminal-network-intelligence] [           main] c.p.t.drishti.service.NetworkService     : Failed to sync graph node PH004: Cannot invoke "org.springframework.data.neo4j.core.Neo4jClient$UnboundRunnableSpec.bind(Object)" because the return value of "org.springframework.data.neo4j.core.Neo4jClient.query(String)" is null
2026-09-16T23:32:06.832+05:30  WARN 27776 --- [criminal-network-intelligence] [           main] c.p.t.drishti.service.NetworkService     : Failed to sync graph relationship P004 -> PH004: Cannot invoke "org.springframework.data.neo4j.core.Neo4jClient$UnboundRunnableSpec.bind(Object)" because the return value of "org.springframework.data.neo4j.core.Neo4jClient.query(String)" is null
2026-09-16T23:32:06.833+05:30  WARN 27776 --- [criminal-network-intelligence] [           main] c.p.t.drishti.service.NetworkService     : Failed to sync graph node PH005: Cannot invoke "org.springframework.data.neo4j.core.Neo4jClient$UnboundRunnableSpec.bind(Object)" because the return value of "org.springframework.data.neo4j.core.Neo4jClient.query(String)" is null
2026-09-16T23:32:06.833+05:30  WARN 27776 --- [criminal-network-intelligence] [           main] c.p.t.drishti.service.NetworkService     : Failed to sync graph relationship P005 -> PH005: Cannot invoke "org.springframework.data.neo4j.core.Neo4jClient$UnboundRunnableSpec.bind(Object)" because the return value of "org.springframework.data.neo4j.core.Neo4jClient.query(String)" is null
2026-09-16T23:32:06.850+05:30  WARN 27776 --- [criminal-network-intelligence] [           main] c.p.t.drishti.service.NetworkService     : Failed to sync graph node ACC101: Cannot invoke "org.springframework.data.neo4j.core.Neo4jClient$UnboundRunnableSpec.bind(Object)" because the return value of "org.springframework.data.neo4j.core.Neo4jClient.query(String)" is null
2026-09-16T23:32:06.850+05:30  WARN 27776 --- [criminal-network-intelligence] [           main] c.p.t.drishti.service.NetworkService     : Failed to sync graph relationship P001 -> ACC101: Cannot invoke "org.springframework.data.neo4j.core.Neo4jClient$UnboundRunnableSpec.bind(Object)" because the return value of "org.springframework.data.neo4j.core.Neo4jClient.query(String)" is null
2026-09-16T23:32:06.851+05:30  WARN 27776 --- [criminal-network-intelligence] [           main] c.p.t.drishti.service.NetworkService     : Failed to sync graph node ACC205: Cannot invoke "org.springframework.data.neo4j.core.Neo4jClient$UnboundRunnableSpec.bind(Object)" because the return value of "org.springframework.data.neo4j.core.Neo4jClient.query(String)" is null
2026-09-16T23:32:06.851+05:30  WARN 27776 --- [criminal-network-intelligence] [           main] c.p.t.drishti.service.NetworkService     : Failed to sync graph relationship P002 -> ACC205: Cannot invoke "org.springframework.data.neo4j.core.Neo4jClient$UnboundRunnableSpec.bind(Object)" because the return value of "org.springframework.data.neo4j.core.Neo4jClient.query(String)" is null
2026-09-16T23:32:06.852+05:30  WARN 27776 --- [criminal-network-intelligence] [           main] c.p.t.drishti.service.NetworkService     : Failed to sync graph node ACC301: Cannot invoke "org.springframework.data.neo4j.core.Neo4jClient$UnboundRunnableSpec.bind(Object)" because the return value of "org.springframework.data.neo4j.core.Neo4jClient.query(String)" is null
2026-09-16T23:32:06.853+05:30  WARN 27776 --- [criminal-network-intelligence] [           main] c.p.t.drishti.service.NetworkService     : Failed to sync graph relationship P003 -> ACC301: Cannot invoke "org.springframework.data.neo4j.core.Neo4jClient$UnboundRunnableSpec.bind(Object)" because the return value of "org.springframework.data.neo4j.core.Neo4jClient.query(String)" is null
2026-09-16T23:32:06.853+05:30  WARN 27776 --- [criminal-network-intelligence] [           main] c.p.t.drishti.service.NetworkService     : Failed to sync graph node ACC401: Cannot invoke "org.springframework.data.neo4j.core.Neo4jClient$UnboundRunnableSpec.bind(Object)" because the return value of "org.springframework.data.neo4j.core.Neo4jClient.query(String)" is null
2026-09-16T23:32:06.854+05:30  WARN 27776 --- [criminal-network-intelligence] [           main] c.p.t.drishti.service.NetworkService     : Failed to sync graph relationship P004 -> ACC401: Cannot invoke "org.springframework.data.neo4j.core.Neo4jClient$UnboundRunnableSpec.bind(Object)" because the return value of "org.springframework.data.neo4j.core.Neo4jClient.query(String)" is null
2026-09-16T23:32:06.854+05:30  WARN 27776 --- [criminal-network-intelligence] [           main] c.p.t.drishti.service.NetworkService     : Failed to sync graph node ACC501: Cannot invoke "org.springframework.data.neo4j.core.Neo4jClient$UnboundRunnableSpec.bind(Object)" because the return value of "org.springframework.data.neo4j.core.Neo4jClient.query(String)" is null
2026-09-16T23:32:06.855+05:30  WARN 27776 --- [criminal-network-intelligence] [           main] c.p.t.drishti.service.NetworkService     : Failed to sync graph relationship P005 -> ACC501: Cannot invoke "org.springframework.data.neo4j.core.Neo4jClient$UnboundRunnableSpec.bind(Object)" because the return value of "org.springframework.data.neo4j.core.Neo4jClient.query(String)" is null
2026-09-16T23:32:06.866+05:30  WARN 27776 --- [criminal-network-intelligence] [           main] c.p.t.drishti.service.NetworkService     : Failed to sync graph node LOC001: Cannot invoke "org.springframework.data.neo4j.core.Neo4jClient$UnboundRunnableSpec.bind(Object)" because the return value of "org.springframework.data.neo4j.core.Neo4jClient.query(String)" is null
2026-09-16T23:32:06.874+05:30  WARN 27776 --- [criminal-network-intelligence] [           main] c.p.t.drishti.service.NetworkService     : Failed to sync graph node LOC002: Cannot invoke "org.springframework.data.neo4j.core.Neo4jClient$UnboundRunnableSpec.bind(Object)" because the return value of "org.springframework.data.neo4j.core.Neo4jClient.query(String)" is null
2026-09-16T23:32:06.880+05:30  WARN 27776 --- [criminal-network-intelligence] [           main] c.p.t.drishti.service.NetworkService     : Failed to sync graph node LOC003: Cannot invoke "org.springframework.data.neo4j.core.Neo4jClient$UnboundRunnableSpec.bind(Object)" because the return value of "org.springframework.data.neo4j.core.Neo4jClient.query(String)" is null
2026-09-16T23:32:06.885+05:30  WARN 27776 --- [criminal-network-intelligence] [           main] c.p.t.drishti.service.NetworkService     : Failed to sync graph node LOC004: Cannot invoke "org.springframework.data.neo4j.core.Neo4jClient$UnboundRunnableSpec.bind(Object)" because the return value of "org.springframework.data.neo4j.core.Neo4jClient.query(String)" is null
2026-09-16T23:32:06.891+05:30  WARN 27776 --- [criminal-network-intelligence] [           main] c.p.t.drishti.service.NetworkService     : Failed to sync graph node LOC005: Cannot invoke "org.springframework.data.neo4j.core.Neo4jClient$UnboundRunnableSpec.bind(Object)" because the return value of "org.springframework.data.neo4j.core.Neo4jClient.query(String)" is null
2026-09-16T23:32:06.903+05:30  WARN 27776 --- [criminal-network-intelligence] [           main] c.p.t.drishti.service.NetworkService     : Failed to sync graph node V001: Cannot invoke "org.springframework.data.neo4j.core.Neo4jClient$UnboundRunnableSpec.bind(Object)" because the return value of "org.springframework.data.neo4j.core.Neo4jClient.query(String)" is null
2026-09-16T23:32:06.904+05:30  WARN 27776 --- [criminal-network-intelligence] [           main] c.p.t.drishti.service.NetworkService     : Failed to sync graph relationship P002 -> V001: Cannot invoke "org.springframework.data.neo4j.core.Neo4jClient$UnboundRunnableSpec.bind(Object)" because the return value of "org.springframework.data.neo4j.core.Neo4jClient.query(String)" is null
2026-09-16T23:32:06.910+05:30  WARN 27776 --- [criminal-network-intelligence] [           main] c.p.t.drishti.service.NetworkService     : Failed to sync graph node V002: Cannot invoke "org.springframework.data.neo4j.core.Neo4jClient$UnboundRunnableSpec.bind(Object)" because the return value of "org.springframework.data.neo4j.core.Neo4jClient.query(String)" is null
2026-09-16T23:32:06.910+05:30  WARN 27776 --- [criminal-network-intelligence] [           main] c.p.t.drishti.service.NetworkService     : Failed to sync graph relationship P004 -> V002: Cannot invoke "org.springframework.data.neo4j.core.Neo4jClient$UnboundRunnableSpec.bind(Object)" because the return value of "org.springframework.data.neo4j.core.Neo4jClient.query(String)" is null
2026-09-16T23:32:06.916+05:30  WARN 27776 --- [criminal-network-intelligence] [           main] c.p.t.drishti.service.NetworkService     : Failed to sync graph node V003: Cannot invoke "org.springframework.data.neo4j.core.Neo4jClient$UnboundRunnableSpec.bind(Object)" because the return value of "org.springframework.data.neo4j.core.Neo4jClient.query(String)" is null
2026-09-16T23:32:06.917+05:30  WARN 27776 --- [criminal-network-intelligence] [           main] c.p.t.drishti.service.NetworkService     : Failed to sync graph relationship P006 -> V003: Cannot invoke "org.springframework.data.neo4j.core.Neo4jClient$UnboundRunnableSpec.bind(Object)" because the return value of "org.springframework.data.neo4j.core.Neo4jClient.query(String)" is null
2026-09-16T23:32:06.922+05:30  WARN 27776 --- [criminal-network-intelligence] [           main] c.p.t.drishti.service.NetworkService     : Failed to sync graph node V004: Cannot invoke "org.springframework.data.neo4j.core.Neo4jClient$UnboundRunnableSpec.bind(Object)" because the return value of "org.springframework.data.neo4j.core.Neo4jClient.query(String)" is null
2026-09-16T23:32:06.923+05:30  WARN 27776 --- [criminal-network-intelligence] [           main] c.p.t.drishti.service.NetworkService     : Failed to sync graph relationship P001 -> V004: Cannot invoke "org.springframework.data.neo4j.core.Neo4jClient$UnboundRunnableSpec.bind(Object)" because the return value of "org.springframework.data.neo4j.core.Neo4jClient.query(String)" is null
2026-09-16T23:32:06.928+05:30  WARN 27776 --- [criminal-network-intelligence] [           main] c.p.t.drishti.service.NetworkService     : Failed to sync graph node V005: Cannot invoke "org.springframework.data.neo4j.core.Neo4jClient$UnboundRunnableSpec.bind(Object)" because the return value of "org.springframework.data.neo4j.core.Neo4jClient.query(String)" is null
2026-09-16T23:32:06.930+05:30  WARN 27776 --- [criminal-network-intelligence] [           main] c.p.t.drishti.service.NetworkService     : Failed to sync graph relationship P008 -> V005: Cannot invoke "org.springframework.data.neo4j.core.Neo4jClient$UnboundRunnableSpec.bind(Object)" because the return value of "org.springframework.data.neo4j.core.Neo4jClient.query(String)" is null
2026-09-16T23:32:06.961+05:30  WARN 27776 --- [criminal-network-intelligence] [           main] c.p.t.drishti.service.NetworkService     : Failed to sync graph relationship PH001 -> PH002: Cannot invoke "org.springframework.data.neo4j.core.Neo4jClient$UnboundRunnableSpec.bind(Object)" because the return value of "org.springframework.data.neo4j.core.Neo4jClient.query(String)" is null
2026-09-16T23:32:06.969+05:30  WARN 27776 --- [criminal-network-intelligence] [           main] c.p.t.drishti.service.NetworkService     : Failed to sync graph relationship PH002 -> PH003: Cannot invoke "org.springframework.data.neo4j.core.Neo4jClient$UnboundRunnableSpec.bind(Object)" because the return value of "org.springframework.data.neo4j.core.Neo4jClient.query(String)" is null
2026-09-16T23:32:06.976+05:30  WARN 27776 --- [criminal-network-intelligence] [           main] c.p.t.drishti.service.NetworkService     : Failed to sync graph relationship PH003 -> PH004: Cannot invoke "org.springframework.data.neo4j.core.Neo4jClient$UnboundRunnableSpec.bind(Object)" because the return value of "org.springframework.data.neo4j.core.Neo4jClient.query(String)" is null
2026-09-16T23:32:06.985+05:30  WARN 27776 --- [criminal-network-intelligence] [           main] c.p.t.drishti.service.NetworkService     : Failed to sync graph relationship PH001 -> PH003: Cannot invoke "org.springframework.data.neo4j.core.Neo4jClient$UnboundRunnableSpec.bind(Object)" because the return value of "org.springframework.data.neo4j.core.Neo4jClient.query(String)" is null
2026-09-16T23:32:06.991+05:30  WARN 27776 --- [criminal-network-intelligence] [           main] c.p.t.drishti.service.NetworkService     : Failed to sync graph relationship PH004 -> PH005: Cannot invoke "org.springframework.data.neo4j.core.Neo4jClient$UnboundRunnableSpec.bind(Object)" because the return value of "org.springframework.data.neo4j.core.Neo4jClient.query(String)" is null
2026-09-16T23:32:06.998+05:30  WARN 27776 --- [criminal-network-intelligence] [           main] c.p.t.drishti.service.NetworkService     : Failed to sync graph relationship PH005 -> PH001: Cannot invoke "org.springframework.data.neo4j.core.Neo4jClient$UnboundRunnableSpec.bind(Object)" because the return value of "org.springframework.data.neo4j.core.Neo4jClient.query(String)" is null
2026-09-16T23:32:07.009+05:30  WARN 27776 --- [criminal-network-intelligence] [           main] c.p.t.drishti.service.NetworkService     : Failed to sync graph relationship PH002 -> PH005: Cannot invoke "org.springframework.data.neo4j.core.Neo4jClient$UnboundRunnableSpec.bind(Object)" because the return value of "org.springframework.data.neo4j.core.Neo4jClient.query(String)" is null
2026-09-16T23:32:07.016+05:30  WARN 27776 --- [criminal-network-intelligence] [           main] c.p.t.drishti.service.NetworkService     : Failed to sync graph relationship PH001 -> PH004: Cannot invoke "org.springframework.data.neo4j.core.Neo4jClient$UnboundRunnableSpec.bind(Object)" because the return value of "org.springframework.data.neo4j.core.Neo4jClient.query(String)" is null
2026-09-16T23:32:07.023+05:30  WARN 27776 --- [criminal-network-intelligence] [           main] c.p.t.drishti.service.NetworkService     : Failed to sync graph relationship PH003 -> PH001: Cannot invoke "org.springframework.data.neo4j.core.Neo4jClient$UnboundRunnableSpec.bind(Object)" because the return value of "org.springframework.data.neo4j.core.Neo4jClient.query(String)" is null
2026-09-16T23:32:07.031+05:30  WARN 27776 --- [criminal-network-intelligence] [           main] c.p.t.drishti.service.NetworkService     : Failed to sync graph relationship PH002 -> PH004: Cannot invoke "org.springframework.data.neo4j.core.Neo4jClient$UnboundRunnableSpec.bind(Object)" because the return value of "org.springframework.data.neo4j.core.Neo4jClient.query(String)" is null
2026-09-16T23:32:07.046+05:30  WARN 27776 --- [criminal-network-intelligence] [           main] c.p.t.drishti.service.NetworkService     : Failed to sync graph relationship ACC101 -> ACC205: Cannot invoke "org.springframework.data.neo4j.core.Neo4jClient$UnboundRunnableSpec.bind(Object)" because the return value of "org.springframework.data.neo4j.core.Neo4jClient.query(String)" is null
2026-09-16T23:32:07.053+05:30  WARN 27776 --- [criminal-network-intelligence] [           main] c.p.t.drishti.service.NetworkService     : Failed to sync graph relationship ACC205 -> ACC101: Cannot invoke "org.springframework.data.neo4j.core.Neo4jClient$UnboundRunnableSpec.bind(Object)" because the return value of "org.springframework.data.neo4j.core.Neo4jClient.query(String)" is null
2026-09-16T23:32:07.060+05:30  WARN 27776 --- [criminal-network-intelligence] [           main] c.p.t.drishti.service.NetworkService     : Failed to sync graph relationship ACC101 -> ACC301: Cannot invoke "org.springframework.data.neo4j.core.Neo4jClient$UnboundRunnableSpec.bind(Object)" because the return value of "org.springframework.data.neo4j.core.Neo4jClient.query(String)" is null
2026-09-16T23:32:07.067+05:30  WARN 27776 --- [criminal-network-intelligence] [           main] c.p.t.drishti.service.NetworkService     : Failed to sync graph relationship ACC301 -> ACC205: Cannot invoke "org.springframework.data.neo4j.core.Neo4jClient$UnboundRunnableSpec.bind(Object)" because the return value of "org.springframework.data.neo4j.core.Neo4jClient.query(String)" is null
2026-09-16T23:32:07.077+05:30  WARN 27776 --- [criminal-network-intelligence] [           main] c.p.t.drishti.service.NetworkService     : Failed to sync graph relationship ACC205 -> ACC401: Cannot invoke "org.springframework.data.neo4j.core.Neo4jClient$UnboundRunnableSpec.bind(Object)" because the return value of "org.springframework.data.neo4j.core.Neo4jClient.query(String)" is null
2026-09-16T23:32:07.084+05:30  WARN 27776 --- [criminal-network-intelligence] [           main] c.p.t.drishti.service.NetworkService     : Failed to sync graph relationship ACC401 -> ACC101: Cannot invoke "org.springframework.data.neo4j.core.Neo4jClient$UnboundRunnableSpec.bind(Object)" because the return value of "org.springframework.data.neo4j.core.Neo4jClient.query(String)" is null
2026-09-16T23:32:07.090+05:30  WARN 27776 --- [criminal-network-intelligence] [           main] c.p.t.drishti.service.NetworkService     : Failed to sync graph relationship ACC205 -> ACC501: Cannot invoke "org.springframework.data.neo4j.core.Neo4jClient$UnboundRunnableSpec.bind(Object)" because the return value of "org.springframework.data.neo4j.core.Neo4jClient.query(String)" is null
2026-09-16T23:32:07.098+05:30  WARN 27776 --- [criminal-network-intelligence] [           main] c.p.t.drishti.service.NetworkService     : Failed to sync graph relationship ACC501 -> ACC101: Cannot invoke "org.springframework.data.neo4j.core.Neo4jClient$UnboundRunnableSpec.bind(Object)" because the return value of "org.springframework.data.neo4j.core.Neo4jClient.query(String)" is null
2026-09-16T23:32:07.106+05:30  WARN 27776 --- [criminal-network-intelligence] [           main] c.p.t.drishti.service.NetworkService     : Failed to sync graph relationship ACC301 -> ACC401: Cannot invoke "org.springframework.data.neo4j.core.Neo4jClient$UnboundRunnableSpec.bind(Object)" because the return value of "org.springframework.data.neo4j.core.Neo4jClient.query(String)" is null
2026-09-16T23:32:07.113+05:30  WARN 27776 --- [criminal-network-intelligence] [           main] c.p.t.drishti.service.NetworkService     : Failed to sync graph relationship ACC401 -> ACC501: Cannot invoke "org.springframework.data.neo4j.core.Neo4jClient$UnboundRunnableSpec.bind(Object)" because the return value of "org.springframework.data.neo4j.core.Neo4jClient.query(String)" is null
2026-09-16T23:32:07.142+05:30  INFO 27776 --- [criminal-network-intelligence] [           main] c.p.t.drishti.service.SeedDataService    : Seed data created
[INFO] Tests run: 1, Failures: 0, Errors: 0, Skipped: 0, Time elapsed: 17.24 s -- in com.project.tekathon.drishti.DrishtiApplicationTests
[INFO] Running com.project.tekathon.drishti.NetworkServiceUnitTest
[ERROR] Tests run: 1, Failures: 0, Errors: 1, Skipped: 0, Time elapsed: 0.005 s <<< FAILURE! -- in com.project.tekathon.drishti.NetworkServiceUnitTest
[ERROR] com.project.tekathon.drishti.NetworkServiceUnitTest -- Time elapsed: 0.005 s <<< ERROR!
java.lang.NoClassDefFoundError: NetworkService
	at java.base/java.lang.Class.getDeclaredFields0(Native Method)
	at java.base/java.lang.Class.privateGetDeclaredFields(Class.java:2930)
	at java.base/java.lang.Class.getDeclaredFields(Class.java:2249)
	at java.base/java.util.ArrayList.forEach(ArrayList.java:1604)
Caused by: java.lang.ClassNotFoundException: NetworkService
	at java.base/jdk.internal.loader.BuiltinClassLoader.loadClass(BuiltinClassLoader.java:580)
	at java.base/java.lang.ClassLoader.loadClass(ClassLoader.java:490)
	... 4 more

[INFO] Running com.project.tekathon.drishti.service.NetworkServiceUnitTest
[INFO] Tests run: 2, Failures: 0, Errors: 0, Skipped: 0, Time elapsed: 1.034 s -- in com.project.tekathon.drishti.service.NetworkServiceUnitTest
[INFO] 
[INFO] Results:
[INFO] 
[ERROR] Errors: 
[ERROR]   NetworkServiceUnitTest » NoClassDefFound NetworkService
[INFO] 
[ERROR] Tests run: 4, Failures: 0, Errors: 1, Skipped: 0
[INFO] 
[INFO] ------------------------------------------------------------------------
[INFO] BUILD FAILURE
[INFO] ------------------------------------------------------------------------
[INFO] Total time:  42.321 s
[INFO] Finished at: 2026-09-16T23:32:08+05:30
[INFO] ------------------------------------------------------------------------
[ERROR] Failed to execute goal org.apache.maven.plugins:maven-surefire-plugin:3.5.6:test (default-test) on project Drishti: 
[ERROR] 
[ERROR] See d:\Tekathon\Drishti\target\surefire-reports for the individual test results.
[ERROR] See dump files (if any exist) [date].dump, [date]-jvmRun[N].dump and [date].dumpstream.
[ERROR] -> [Help 1]
[ERROR] 
[ERROR] To see the full stack trace of the errors, re-run Maven with the -e switch.
[ERROR] Re-run Maven using the -X switch to enable full debug logging.
[ERROR] 
[ERROR] For more information about the errors and possible solutions, please read the following articles:
[ERROR] [Help 1] http://cwiki.apache.org/confluence/display/MAVEN/MojoFailureException
